#! /usr/share/iverilog-0.9.7/bin/vvp
:ivl_version "0.9.7 " "(v0_9_6)";
:vpi_time_precision + 0;
:vpi_module "system";
:vpi_module "v2005_math";
:vpi_module "va_math";
S_0x22fba80 .scope module, "MUL_dataPath_tb" "MUL_dataPath_tb" 2 3;
 .timescale 0 0;
v0x23308f0_0 .var "clk", 0 0;
v0x2330970_0 .net "clrP", 0 0, v0x232e2a0_0; 1 drivers
v0x23309f0_0 .var "data_in", 15 0;
v0x2330a70_0 .net "decB", 0 0, v0x232e340_0; 1 drivers
v0x2330af0_0 .net "done", 0 0, v0x232e3e0_0; 1 drivers
v0x2330b70_0 .net "eqz", 0 0, L_0x2330fd0; 1 drivers
v0x2330bf0_0 .net "ldA", 0 0, v0x232e530_0; 1 drivers
v0x2330c70_0 .net "ldB", 0 0, v0x232e610_0; 1 drivers
v0x2330d40_0 .net "ldP", 0 0, v0x232e6b0_0; 1 drivers
v0x2330dc0_0 .var "start", 0 0;
S_0x232e940 .scope module, "DP" "MUL_dataPath" 2 9, 3 7, S_0x22fba80;
 .timescale 0 0;
L_0x2330e40 .functor BUFZ 16, v0x23309f0_0, C4<0000000000000000>, C4<0000000000000000>, C4<0000000000000000>;
v0x232fdf0_0 .net "bOut", 15 0, v0x232f480_0; 1 drivers
v0x232fec0_0 .net "bus", 15 0, L_0x2330e40; 1 drivers
v0x232ff90_0 .net "clk", 0 0, v0x23308f0_0; 1 drivers
v0x23300a0_0 .alias "clrP", 0 0, v0x2330970_0;
v0x2330120_0 .net "data_in", 15 0, v0x23309f0_0; 1 drivers
v0x23301a0_0 .alias "decB", 0 0, v0x2330a70_0;
v0x2330270_0 .alias "eqz", 0 0, v0x2330b70_0;
v0x2330340_0 .alias "ldA", 0 0, v0x2330bf0_0;
v0x2330460_0 .alias "ldB", 0 0, v0x2330c70_0;
v0x2330530_0 .alias "ldP", 0 0, v0x2330d40_0;
v0x2330610_0 .net "x", 15 0, v0x232fc60_0; 1 drivers
v0x23306e0_0 .net "y", 15 0, v0x232f8b0_0; 1 drivers
v0x2330820_0 .net "z", 15 0, v0x232f0f0_0; 1 drivers
S_0x232fa40 .scope module, "A" "PIPO1" 3 17, 4 1, S_0x232e940;
 .timescale 0 0;
v0x232fb30_0 .alias "clk", 0 0, v0x232ff90_0;
v0x232fbb0_0 .alias "din", 15 0, v0x232fec0_0;
v0x232fc60_0 .var "dout", 15 0;
v0x232fd10_0 .alias "ld", 0 0, v0x2330bf0_0;
S_0x232f610 .scope module, "P" "PIPO2" 3 18, 5 1, S_0x232e940;
 .timescale 0 0;
v0x232f700_0 .alias "clk", 0 0, v0x232ff90_0;
v0x232f780_0 .alias "clr", 0 0, v0x2330970_0;
v0x232f800_0 .alias "din", 15 0, v0x2330820_0;
v0x232f8b0_0 .var "dout", 15 0;
v0x232f990_0 .alias "ld", 0 0, v0x2330d40_0;
S_0x232f190 .scope module, "B" "CNTR" 3 19, 6 1, S_0x232e940;
 .timescale 0 0;
v0x232f280_0 .alias "clk", 0 0, v0x232ff90_0;
v0x232f350_0 .alias "dec", 0 0, v0x2330a70_0;
v0x232f400_0 .alias "din", 15 0, v0x232fec0_0;
v0x232f480_0 .var "dout", 15 0;
v0x232f560_0 .alias "ld", 0 0, v0x2330c70_0;
S_0x232ee50 .scope module, "AD" "ADD" 3 20, 7 1, S_0x232e940;
 .timescale 0 0;
v0x232ef90_0 .alias "in1", 15 0, v0x2330610_0;
v0x232f050_0 .alias "in2", 15 0, v0x23306e0_0;
v0x232f0f0_0 .var "out", 15 0;
E_0x232ef40 .event edge, v0x232ef90_0, v0x232f050_0;
S_0x232ea30 .scope module, "COMP" "EQZ" 3 21, 8 1, S_0x232e940;
 .timescale 0 0;
v0x232eb20_0 .net *"_s0", 16 0, L_0x2330ea0; 1 drivers
v0x232ebe0_0 .net *"_s3", 0 0, C4<0>; 1 drivers
v0x232ec80_0 .net *"_s4", 16 0, C4<00000000000000000>; 1 drivers
v0x232ed20_0 .alias "data", 15 0, v0x232fdf0_0;
v0x232eda0_0 .alias "eqz", 0 0, v0x2330b70_0;
L_0x2330ea0 .concat [ 16 1 0 0], v0x232f480_0, C4<0>;
L_0x2330fd0 .cmp/eq 17, L_0x2330ea0, C4<00000000000000000>;
S_0x230a360 .scope module, "CON" "controller" 2 10, 3 25, S_0x22fba80;
 .timescale 0 0;
P_0x22f9bc8 .param/l "S0" 3 29, C4<000>;
P_0x22f9bf0 .param/l "S1" 3 29, C4<001>;
P_0x22f9c18 .param/l "S2" 3 29, C4<010>;
P_0x22f9c40 .param/l "S3" 3 29, C4<011>;
P_0x22f9c68 .param/l "S4" 3 29, C4<100>;
v0x230a450_0 .alias "clk", 0 0, v0x232ff90_0;
v0x232e2a0_0 .var "clrP", 0 0;
v0x232e340_0 .var "decB", 0 0;
v0x232e3e0_0 .var "done", 0 0;
v0x232e490_0 .alias "eqz", 0 0, v0x2330b70_0;
v0x232e530_0 .var "ldA", 0 0;
v0x232e610_0 .var "ldB", 0 0;
v0x232e6b0_0 .var "ldP", 0 0;
v0x232e7a0_0 .net "start", 0 0, v0x2330dc0_0; 1 drivers
v0x232e840_0 .var "state", 2 0;
E_0x22ffcf0 .event edge, v0x232e840_0;
E_0x22f9d40 .event posedge, v0x230a450_0;
    .scope S_0x232fa40;
T_0 ;
    %wait E_0x22f9d40;
    %load/v 8, v0x232fd10_0, 1;
    %jmp/0xz  T_0.0, 8;
    %load/v 8, v0x232fbb0_0, 16;
    %ix/load 0, 16, 0;
    %assign/v0 v0x232fc60_0, 0, 8;
T_0.0 ;
    %jmp T_0;
    .thread T_0;
    .scope S_0x232f610;
T_1 ;
    %wait E_0x22f9d40;
    %load/v 8, v0x232f780_0, 1;
    %jmp/0xz  T_1.0, 8;
    %ix/load 0, 16, 0;
    %assign/v0 v0x232f8b0_0, 0, 0;
    %jmp T_1.1;
T_1.0 ;
    %load/v 8, v0x232f990_0, 1;
    %jmp/0xz  T_1.2, 8;
    %load/v 8, v0x232f800_0, 16;
    %ix/load 0, 16, 0;
    %assign/v0 v0x232f8b0_0, 0, 8;
T_1.2 ;
T_1.1 ;
    %jmp T_1;
    .thread T_1;
    .scope S_0x232f190;
T_2 ;
    %wait E_0x22f9d40;
    %load/v 8, v0x232f560_0, 1;
    %jmp/0xz  T_2.0, 8;
    %load/v 8, v0x232f400_0, 16;
    %ix/load 0, 16, 0;
    %assign/v0 v0x232f480_0, 0, 8;
    %jmp T_2.1;
T_2.0 ;
    %load/v 8, v0x232f350_0, 1;
    %jmp/0xz  T_2.2, 8;
    %load/v 8, v0x232f480_0, 16;
    %mov 24, 0, 16;
    %subi 8, 1, 32;
    %ix/load 0, 16, 0;
    %assign/v0 v0x232f480_0, 0, 8;
T_2.2 ;
T_2.1 ;
    %jmp T_2;
    .thread T_2;
    .scope S_0x232ee50;
T_3 ;
    %wait E_0x232ef40;
    %load/v 8, v0x232ef90_0, 16;
    %load/v 24, v0x232f050_0, 16;
    %add 8, 24, 16;
    %set/v v0x232f0f0_0, 8, 16;
    %jmp T_3;
    .thread T_3, $push;
    .scope S_0x230a360;
T_4 ;
    %wait E_0x22f9d40;
    %load/v 8, v0x232e840_0, 3;
    %cmpi/u 8, 0, 3;
    %jmp/1 T_4.0, 6;
    %cmpi/u 8, 1, 3;
    %jmp/1 T_4.1, 6;
    %cmpi/u 8, 2, 3;
    %jmp/1 T_4.2, 6;
    %cmpi/u 8, 3, 3;
    %jmp/1 T_4.3, 6;
    %cmpi/u 8, 4, 3;
    %jmp/1 T_4.4, 6;
    %ix/load 0, 3, 0;
    %assign/v0 v0x232e840_0, 0, 0;
    %jmp T_4.6;
T_4.0 ;
    %load/v 8, v0x232e7a0_0, 1;
    %jmp/0xz  T_4.7, 8;
    %movi 8, 1, 3;
    %ix/load 0, 3, 0;
    %assign/v0 v0x232e840_0, 0, 8;
T_4.7 ;
    %jmp T_4.6;
T_4.1 ;
    %movi 8, 2, 3;
    %ix/load 0, 3, 0;
    %assign/v0 v0x232e840_0, 0, 8;
    %jmp T_4.6;
T_4.2 ;
    %movi 8, 3, 3;
    %ix/load 0, 3, 0;
    %assign/v0 v0x232e840_0, 0, 8;
    %jmp T_4.6;
T_4.3 ;
    %delay 2, 0;
    %load/v 8, v0x232e490_0, 1;
    %jmp/0xz  T_4.9, 8;
    %movi 8, 4, 3;
    %ix/load 0, 3, 0;
    %assign/v0 v0x232e840_0, 0, 8;
T_4.9 ;
    %jmp T_4.6;
T_4.4 ;
    %movi 8, 4, 3;
    %ix/load 0, 3, 0;
    %assign/v0 v0x232e840_0, 0, 8;
    %jmp T_4.6;
T_4.6 ;
    %jmp T_4;
    .thread T_4;
    .scope S_0x230a360;
T_5 ;
    %wait E_0x22ffcf0;
    %load/v 8, v0x232e840_0, 3;
    %cmpi/u 8, 0, 3;
    %jmp/1 T_5.0, 6;
    %cmpi/u 8, 1, 3;
    %jmp/1 T_5.1, 6;
    %cmpi/u 8, 2, 3;
    %jmp/1 T_5.2, 6;
    %cmpi/u 8, 3, 3;
    %jmp/1 T_5.3, 6;
    %cmpi/u 8, 4, 3;
    %jmp/1 T_5.4, 6;
    %delay 1, 0;
    %set/v v0x232e530_0, 0, 1;
    %set/v v0x232e610_0, 0, 1;
    %set/v v0x232e6b0_0, 0, 1;
    %set/v v0x232e2a0_0, 0, 1;
    %set/v v0x232e340_0, 0, 1;
    %jmp T_5.6;
T_5.0 ;
    %delay 1, 0;
    %set/v v0x232e530_0, 0, 1;
    %set/v v0x232e610_0, 0, 1;
    %set/v v0x232e6b0_0, 0, 1;
    %set/v v0x232e2a0_0, 0, 1;
    %set/v v0x232e340_0, 0, 1;
    %jmp T_5.6;
T_5.1 ;
    %delay 1, 0;
    %set/v v0x232e530_0, 1, 1;
    %jmp T_5.6;
T_5.2 ;
    %delay 1, 0;
    %set/v v0x232e530_0, 0, 1;
    %set/v v0x232e610_0, 1, 1;
    %set/v v0x232e2a0_0, 1, 1;
    %jmp T_5.6;
T_5.3 ;
    %delay 1, 0;
    %set/v v0x232e610_0, 0, 1;
    %set/v v0x232e6b0_0, 1, 1;
    %set/v v0x232e2a0_0, 0, 1;
    %set/v v0x232e340_0, 1, 1;
    %jmp T_5.6;
T_5.4 ;
    %delay 1, 0;
    %set/v v0x232e3e0_0, 1, 1;
    %set/v v0x232e610_0, 0, 1;
    %set/v v0x232e6b0_0, 0, 1;
    %set/v v0x232e340_0, 0, 1;
    %jmp T_5.6;
T_5.6 ;
    %jmp T_5;
    .thread T_5, $push;
    .scope S_0x22fba80;
T_6 ;
    %set/v v0x23308f0_0, 0, 1;
    %delay 3, 0;
    %set/v v0x2330dc0_0, 1, 1;
    %delay 500, 0;
    %vpi_call 2 16 "$finish";
    %end;
    .thread T_6;
    .scope S_0x22fba80;
T_7 ;
    %delay 5, 0;
    %load/v 8, v0x23308f0_0, 1;
    %inv 8, 1;
    %set/v v0x23308f0_0, 8, 1;
    %jmp T_7;
    .thread T_7;
    .scope S_0x22fba80;
T_8 ;
    %delay 17, 0;
    %movi 8, 17, 16;
    %set/v v0x23309f0_0, 8, 16;
    %delay 10, 0;
    %movi 8, 5, 16;
    %set/v v0x23309f0_0, 8, 16;
    %end;
    .thread T_8;
    .scope S_0x22fba80;
T_9 ;
    %vpi_call 2 26 "$monitor", $time, " %d, %b", v0x23306e0_0, v0x2330af0_0;
    %vpi_call 2 27 "$dumpfile", "mul.vcd";
    %vpi_call 2 28 "$dumpvars";
    %end;
    .thread T_9;
# The file index is used to find the file name in the following table.
:file_names 9;
    "N/A";
    "<interactive>";
    "testbench.sv";
    "design.sv";
    "./behavioural_PIPO1.sv";
    "./behavioural_PIPO2.sv";
    "./behavioural_CNTR.sv";
    "./behavioural_ADD16.sv";
    "./behavioural_EQZ.sv";
